******************************************************************************
                  TI ARM Linker PC v5.2.5                      
******************************************************************************
>> Linked Fri Nov 27 23:01:31 2015

OUTPUT FILE NAME:   <led.out>
ENTRY POINT SYMBOL: "_c_int00"  address: 000004b5


MEMORY CONFIGURATION

         name            origin    length      used     unused   attr    fill
----------------------  --------  ---------  --------  --------  ----  --------
  FLASH                 00000000   00040000  00000600  0003fa00  R  X
  SRAM                  20000000   00008000  00000114  00007eec  RW X


SEGMENT ALLOCATION MAP

run origin  load origin   length   init length attrs members
----------  ----------- ---------- ----------- ----- -------
00000000    00000000    00000600   00000600    r-x
  00000000    00000000    0000026c   0000026c    r-- .intvecs
  0000026c    0000026c    00000374   00000374    r-x .text
  000005e0    000005e0    00000020   00000020    r-- .cinit
20000000    20000000    00000114   00000000    rw-
  20000000    20000000    00000100   00000000    rw- .stack
  20000100    20000100    00000014   00000000    rw- .data


SECTION ALLOCATION MAP

 output                                  attributes/
section   page    origin      length       input sections
--------  ----  ----------  ----------   ----------------
.intvecs   0    00000000    0000026c     
                  00000000    0000026c     startup_ccs.obj (.intvecs)

.text      0    0000026c    00000374     
                  0000026c    0000009c     rtsv7M4_T_le_v4SPD16_eabi.lib : memcpy_t2.obj (.text)
                  00000308    0000007a                                   : memset_t2.obj (.text)
                  00000382    00000002     startup_ccs.obj (.text:FaultISR)
                  00000384    0000006c     rtsv7M4_T_le_v4SPD16_eabi.lib : autoinit.obj (.text)
                  000003f0    0000006a                                   : copy_decompress_rle.obj (.text)
                  0000045a    00000002     startup_ccs.obj (.text:IntDefaultHandler)
                  0000045c    00000058     blinky.obj (.text:main)
                  000004b4    00000050     rtsv7M4_T_le_v4SPD16_eabi.lib : boot.obj (.text)
                  00000504    0000004c                                   : cpy_tbl.obj (.text)
                  00000550    00000044                                   : exit.obj (.text)
                  00000594    00000018                                   : args_main.obj (.text)
                  000005ac    00000014                                   : _lock.obj (.text)
                  000005c0    0000000e                                   : copy_decompress_none.obj (.text:decompress:none)
                  000005ce    00000006     startup_ccs.obj (.text:ResetISR)
                  000005d4    00000006     rtsv7M4_T_le_v4SPD16_eabi.lib : copy_decompress_rle.obj (.text:decompress:rle24)
                  000005da    00000004                                   : pre_init.obj (.text)
                  000005de    00000002     startup_ccs.obj (.text:NmiSR)

.cinit     0    000005e0    00000020     
                  000005e0    0000000f     (.cinit..data.load) [load image, compression = rle]
                  000005ef    00000001     --HOLE-- [fill = 0]
                  000005f0    00000008     (__TI_handler_table)
                  000005f8    00000008     (__TI_cinit_table)

.init_array 
*          0    00000000    00000000     UNINITIALIZED

.stack     0    20000000    00000100     UNINITIALIZED
                  20000000    00000100     --HOLE--

.data      0    20000100    00000014     UNINITIALIZED
                  20000100    00000008     rtsv7M4_T_le_v4SPD16_eabi.lib : _lock.obj (.data)
                  20000108    00000008                                   : exit.obj (.data)
                  20000110    00000004                                   : stkdepth_vars.obj (.data)

.TI.persistent 
*          0    20000100    00000000     UNINITIALIZED


LINKER GENERATED COPY TABLES

__TI_cinit_table @ 000005f8 records: 1, size/record: 8, table size: 8
	.data: load addr=000005e0, load size=0000000f bytes, run addr=20000100, run size=00000014 bytes, compression=rle


LINKER GENERATED HANDLER TABLE

__TI_handler_table @ 000005f0 records: 2, size/record: 4, table size: 8
	index: 0, handler: __TI_decompress_rle24
	index: 1, handler: __TI_decompress_none


GLOBAL SYMBOLS: SORTED ALPHABETICALLY BY Name 

address   name                    
-------   ----                    
00000551  C$$EXIT                 
000005cf  ResetISR                
UNDEFED   SHT$$INIT_ARRAY$$Base   
UNDEFED   SHT$$INIT_ARRAY$$Limit  
20000100  __STACK_END             
00000100  __STACK_SIZE            
20000100  __STACK_TOP             
000005f8  __TI_CINIT_Base         
00000600  __TI_CINIT_Limit        
000005f0  __TI_Handler_Table_Base 
000005f8  __TI_Handler_Table_Limit
00000385  __TI_auto_init          
20000108  __TI_cleanup_ptr        
000005c1  __TI_decompress_none    
000005d5  __TI_decompress_rle24   
2000010c  __TI_dtors_ptr          
00000000  __TI_static_base__      
00000309  __aeabi_memclr          
00000309  __aeabi_memclr4         
00000309  __aeabi_memclr8         
0000026d  __aeabi_memcpy          
0000026d  __aeabi_memcpy4         
0000026d  __aeabi_memcpy8         
0000030b  __aeabi_memset          
0000030b  __aeabi_memset4         
0000030b  __aeabi_memset8         
ffffffff  __binit__               
ffffffff  __c_args__              
20000000  __stack                 
00000595  _args_main              
000004b5  _c_int00                
20000100  _lock                   
000005bb  _nop                    
000005b3  _register_lock          
000005ad  _register_unlock        
000005db  _system_pre_init        
20000104  _unlock                 
00000555  abort                   
ffffffff  binit                   
00000505  copy_in                 
0000055d  exit                    
00000000  g_pfnVectors            
0000045d  main                    
20000110  main_func_sp            
0000026d  memcpy                  
00000311  memset                  


GLOBAL SYMBOLS: SORTED BY Symbol Address 

address   name                    
-------   ----                    
00000000  __TI_static_base__      
00000000  g_pfnVectors            
00000100  __STACK_SIZE            
0000026d  __aeabi_memcpy          
0000026d  __aeabi_memcpy4         
0000026d  __aeabi_memcpy8         
0000026d  memcpy                  
00000309  __aeabi_memclr          
00000309  __aeabi_memclr4         
00000309  __aeabi_memclr8         
0000030b  __aeabi_memset          
0000030b  __aeabi_memset4         
0000030b  __aeabi_memset8         
00000311  memset                  
00000385  __TI_auto_init          
0000045d  main                    
000004b5  _c_int00                
00000505  copy_in                 
00000551  C$$EXIT                 
00000555  abort                   
0000055d  exit                    
00000595  _args_main              
000005ad  _register_unlock        
000005b3  _register_lock          
000005bb  _nop                    
000005c1  __TI_decompress_none    
000005cf  ResetISR                
000005d5  __TI_decompress_rle24   
000005db  _system_pre_init        
000005f0  __TI_Handler_Table_Base 
000005f8  __TI_CINIT_Base         
000005f8  __TI_Handler_Table_Limit
00000600  __TI_CINIT_Limit        
20000000  __stack                 
20000100  __STACK_END             
20000100  __STACK_TOP             
20000100  _lock                   
20000104  _unlock                 
20000108  __TI_cleanup_ptr        
2000010c  __TI_dtors_ptr          
20000110  main_func_sp            
ffffffff  __binit__               
ffffffff  __c_args__              
ffffffff  binit                   
UNDEFED   SHT$$INIT_ARRAY$$Base   
UNDEFED   SHT$$INIT_ARRAY$$Limit  

[46 symbols]
